ff30ad3a5f1c4a25a257ab0b11ac69be10cf2342
[main]	INFO	profile include tests: None
[main]	INFO	profile exclude tests: None
[main]	INFO	cli include tests: None
[main]	INFO	cli exclude tests: B324
[main]	INFO	running on Python 3.11.5
Working... ━━━━━━━━━━━━━━━━━━━━━━━━━━━━━━━━━━━━━━━━ 100% 0:00:02
Run started:2026-09-10 03:07:08.567045+00:00

Test results:
	No issues identified.

Code scanned:
	Total lines of code: 68137
	Total lines skipped (#nosec): 0
	Total potential issues skipped due to specifically being disabled (e.g., #nosec BXXX): 0

Run metrics:
	Total issues (by severity):
		Undefined: 0
		Low: 114
		Medium: 78
		High: 0
	Total issues (by confidence):
		Undefined: 0
		Low: 55
		Medium: 15
		High: 122
Files skipped (0):
