ff30ad3a5f1c4a25a257ab0b11ac69be10cf2342
[security]
........................................................................ [ 16%]
........................................................................ [ 33%]
........................................................................ [ 50%]
........................................................................ [ 67%]
........................................................................ [ 84%]
....................................................................     [100%]
428 passed in 1.06s
[security-fuzz]
........................................................................ [ 43%]
................................sss..................................... [ 87%]
.....................                                                    [100%]
162 passed, 3 skipped in 0.36s
[diagnostics]
........................................................................ [ 22%]
........................................................................ [ 45%]
........................................................................ [ 68%]
........................................................................ [ 91%]
..........................                                               [100%]
314 passed in 0.76s
