[main]	INFO	profile include tests: None
[main]	INFO	profile exclude tests: B324
[main]	INFO	cli include tests: None
[main]	INFO	cli exclude tests: None
[main]	INFO	using config: pyproject.toml
[main]	INFO	running on Python 3.11.5
Working... ━━━━━━━━━━━━━━━━━━━━━━━━━━━━━━━━━━━━━━━━ 100% 0:00:02
Run started:2026-09-13 04:18:36.338979+00:00

Test results:
	No issues identified.

Code scanned:
	Total lines of code: 74749
	Total lines skipped (#nosec): 0
	Total potential issues skipped due to specifically being disabled (e.g., #nosec BXXX): 0

Run metrics:
	Total issues (by severity):
		Undefined: 0
		Low: 125
		Medium: 86
		High: 0
	Total issues (by confidence):
		Undefined: 0
		Low: 60
		Medium: 18
		High: 133
Files skipped (0):
