WARNING:cachecontrol.controller:Cache entry deserialization failed, entry ignored
WARNING:cachecontrol.controller:Cache entry deserialization failed, entry ignored
WARNING:cachecontrol.controller:Cache entry deserialization failed, entry ignored
WARNING:cachecontrol.controller:Cache entry deserialization failed, entry ignored
WARNING:cachecontrol.controller:Cache entry deserialization failed, entry ignored
WARNING:cachecontrol.controller:Cache entry deserialization failed, entry ignored
WARNING:cachecontrol.controller:Cache entry deserialization failed, entry ignored
WARNING:cachecontrol.controller:Cache entry deserialization failed, entry ignored
WARNING:cachecontrol.controller:Cache entry deserialization failed, entry ignored
WARNING:cachecontrol.controller:Cache entry deserialization failed, entry ignored
WARNING:cachecontrol.controller:Cache entry deserialization failed, entry ignored
WARNING:cachecontrol.controller:Cache entry deserialization failed, entry ignored
WARNING:cachecontrol.controller:Cache entry deserialization failed, entry ignored
WARNING:cachecontrol.controller:Cache entry deserialization failed, entry ignored
WARNING:cachecontrol.controller:Cache entry deserialization failed, entry ignored
WARNING:cachecontrol.controller:Cache entry deserialization failed, entry ignored
WARNING:cachecontrol.controller:Cache entry deserialization failed, entry ignored
WARNING:cachecontrol.controller:Cache entry deserialization failed, entry ignored
WARNING:cachecontrol.controller:Cache entry deserialization failed, entry ignored
WARNING:cachecontrol.controller:Cache entry deserialization failed, entry ignored
WARNING:cachecontrol.controller:Cache entry deserialization failed, entry ignored
WARNING:cachecontrol.controller:Cache entry deserialization failed, entry ignored
WARNING:cachecontrol.controller:Cache entry deserialization failed, entry ignored
WARNING:cachecontrol.controller:Cache entry deserialization failed, entry ignored
WARNING:cachecontrol.controller:Cache entry deserialization failed, entry ignored
WARNING:cachecontrol.controller:Cache entry deserialization failed, entry ignored
WARNING:cachecontrol.controller:Cache entry deserialization failed, entry ignored
WARNING:cachecontrol.controller:Cache entry deserialization failed, entry ignored
WARNING:cachecontrol.controller:Cache entry deserialization failed, entry ignored
WARNING:cachecontrol.controller:Cache entry deserialization failed, entry ignored
WARNING:cachecontrol.controller:Cache entry deserialization failed, entry ignored
WARNING:cachecontrol.controller:Cache entry deserialization failed, entry ignored
WARNING:cachecontrol.controller:Cache entry deserialization failed, entry ignored
WARNING:cachecontrol.controller:Cache entry deserialization failed, entry ignored
WARNING:cachecontrol.controller:Cache entry deserialization failed, entry ignored
WARNING:cachecontrol.controller:Cache entry deserialization failed, entry ignored
WARNING:cachecontrol.controller:Cache entry deserialization failed, entry ignored
WARNING:cachecontrol.controller:Cache entry deserialization failed, entry ignored
WARNING:cachecontrol.controller:Cache entry deserialization failed, entry ignored
WARNING:cachecontrol.controller:Cache entry deserialization failed, entry ignored
WARNING:cachecontrol.controller:Cache entry deserialization failed, entry ignored
WARNING:cachecontrol.controller:Cache entry deserialization failed, entry ignored
WARNING:cachecontrol.controller:Cache entry deserialization failed, entry ignored
WARNING:cachecontrol.controller:Cache entry deserialization failed, entry ignored
WARNING:cachecontrol.controller:Cache entry deserialization failed, entry ignored
WARNING:cachecontrol.controller:Cache entry deserialization failed, entry ignored
WARNING:cachecontrol.controller:Cache entry deserialization failed, entry ignored
WARNING:cachecontrol.controller:Cache entry deserialization failed, entry ignored
WARNING:cachecontrol.controller:Cache entry deserialization failed, entry ignored
WARNING:cachecontrol.controller:Cache entry deserialization failed, entry ignored
WARNING:cachecontrol.controller:Cache entry deserialization failed, entry ignored
WARNING:cachecontrol.controller:Cache entry deserialization failed, entry ignored
WARNING:cachecontrol.controller:Cache entry deserialization failed, entry ignored
WARNING:cachecontrol.controller:Cache entry deserialization failed, entry ignored
WARNING:cachecontrol.controller:Cache entry deserialization failed, entry ignored
WARNING:cachecontrol.controller:Cache entry deserialization failed, entry ignored
WARNING:cachecontrol.controller:Cache entry deserialization failed, entry ignored
WARNING:cachecontrol.controller:Cache entry deserialization failed, entry ignored
WARNING:cachecontrol.controller:Cache entry deserialization failed, entry ignored
WARNING:cachecontrol.controller:Cache entry deserialization failed, entry ignored
WARNING:cachecontrol.controller:Cache entry deserialization failed, entry ignored
WARNING:cachecontrol.controller:Cache entry deserialization failed, entry ignored
WARNING:cachecontrol.controller:Cache entry deserialization failed, entry ignored
WARNING:cachecontrol.controller:Cache entry deserialization failed, entry ignored
WARNING:cachecontrol.controller:Cache entry deserialization failed, entry ignored
WARNING:cachecontrol.controller:Cache entry deserialization failed, entry ignored
WARNING:cachecontrol.controller:Cache entry deserialization failed, entry ignored
WARNING:cachecontrol.controller:Cache entry deserialization failed, entry ignored
WARNING:cachecontrol.controller:Cache entry deserialization failed, entry ignored
WARNING:cachecontrol.controller:Cache entry deserialization failed, entry ignored
WARNING:cachecontrol.controller:Cache entry deserialization failed, entry ignored
WARNING:cachecontrol.controller:Cache entry deserialization failed, entry ignored
WARNING:cachecontrol.controller:Cache entry deserialization failed, entry ignored
WARNING:cachecontrol.controller:Cache entry deserialization failed, entry ignored
WARNING:cachecontrol.controller:Cache entry deserialization failed, entry ignored
WARNING:cachecontrol.controller:Cache entry deserialization failed, entry ignored
WARNING:cachecontrol.controller:Cache entry deserialization failed, entry ignored
WARNING:cachecontrol.controller:Cache entry deserialization failed, entry ignored
WARNING:cachecontrol.controller:Cache entry deserialization failed, entry ignored
WARNING:cachecontrol.controller:Cache entry deserialization failed, entry ignored
WARNING:cachecontrol.controller:Cache entry deserialization failed, entry ignored
WARNING:cachecontrol.controller:Cache entry deserialization failed, entry ignored
WARNING:cachecontrol.controller:Cache entry deserialization failed, entry ignored
WARNING:cachecontrol.controller:Cache entry deserialization failed, entry ignored
WARNING:cachecontrol.controller:Cache entry deserialization failed, entry ignored
WARNING:cachecontrol.controller:Cache entry deserialization failed, entry ignored
WARNING:cachecontrol.controller:Cache entry deserialization failed, entry ignored
WARNING:cachecontrol.controller:Cache entry deserialization failed, entry ignored
WARNING:cachecontrol.controller:Cache entry deserialization failed, entry ignored
WARNING:cachecontrol.controller:Cache entry deserialization failed, entry ignored
WARNING:cachecontrol.controller:Cache entry deserialization failed, entry ignored
WARNING:cachecontrol.controller:Cache entry deserialization failed, entry ignored
WARNING:cachecontrol.controller:Cache entry deserialization failed, entry ignored
WARNING:cachecontrol.controller:Cache entry deserialization failed, entry ignored
WARNING:cachecontrol.controller:Cache entry deserialization failed, entry ignored
WARNING:cachecontrol.controller:Cache entry deserialization failed, entry ignored
WARNING:cachecontrol.controller:Cache entry deserialization failed, entry ignored
WARNING:cachecontrol.controller:Cache entry deserialization failed, entry ignored
WARNING:cachecontrol.controller:Cache entry deserialization failed, entry ignored
WARNING:cachecontrol.controller:Cache entry deserialization failed, entry ignored
WARNING:cachecontrol.controller:Cache entry deserialization failed, entry ignored
WARNING:cachecontrol.controller:Cache entry deserialization failed, entry ignored
WARNING:cachecontrol.controller:Cache entry deserialization failed, entry ignored
WARNING:cachecontrol.controller:Cache entry deserialization failed, entry ignored
No known vulnerabilities found
Name             Skip Reason
---------------- ----------------------------------------------------------------------------------
aksara-framework Dependency not found on PyPI and could not be audited: aksara-framework (0.7.2rc1)
