[main]	INFO	profile include tests: None
[main]	INFO	profile exclude tests: None
[main]	INFO	cli include tests: None
[main]	INFO	cli exclude tests: B324
[main]	INFO	running on Python 3.11.15
Working... ━━━━━━━━━━━━━━━━━━━━━━━━━━━━━━━━━━━━━━━━ 100% 0:00:02
Run started:2026-09-11 06:53:50.376550+00:00

Test results:
	No issues identified.

Code scanned:
	Total lines of code: 73587
	Total lines skipped (#nosec): 0
	Total potential issues skipped due to specifically being disabled (e.g., #nosec BXXX): 0

Run metrics:
	Total issues (by severity):
		Undefined: 0
		Low: 128
		Medium: 85
		High: 0
	Total issues (by confidence):
		Undefined: 0
		Low: 60
		Medium: 17
		High: 136
Files skipped (0):
